// Jest Snapshot v1, https://goo.gl/fbAQLP

exports[`renders correctly 1`] = `
<Sider>
  <Menu
    defaultSelectedKeys={
      Array [
        "/react-hooks",
      ]
    }
    mode="inline"
    selectedKeys={
      Array [
        "/react-hooks",
      ]
    }
    theme="dark"
  >
    <SubMenu
      key="/react-hooks"
      title={
        <Link
          to="/react-hooks"
        >
          React hooks
        </Link>
      }
    >
      <MenuItem
        key="/react-hooks/use-state"
      >
        <Link
          to="/react-hooks/use-state"
        >
          useState
        </Link>
      </MenuItem>
    </SubMenu>
  </Menu>
</Sider>
`;
